// Jest Snapshot v1, https://goo.gl/fbAQLP

exports[`Simple App Bar renders correctly 1`] = `
ShallowWrapper {
  "length": 1,
  Symbol(enzyme.__root__): [Circular],
  Symbol(enzyme.__unrendered__): <SimpleAppBar />,
  Symbol(enzyme.__renderer__): Object {
    "batchedUpdates": [Function],
    "getNode": [Function],
    "render": [Function],
    "simulateEvent": [Function],
    "unmount": [Function],
  },
  Symbol(enzyme.__node__): Object {
    "instance": null,
    "key": undefined,
    "nodeType": "class",
    "props": Object {
      "children": <WithStyles(Toolbar)
        variant="dense"
>
        <WithStyles(IconButton)
                aria-label="Menu"
                color="inherit"
        >
                <pure(Menu) />
        </WithStyles(IconButton)>
        <WithStyles(Typography)
                color="inherit"
                variant="title"
        >
                GoOut Adyen
        </WithStyles(Typography)>
</WithStyles(Toolbar)>,
      "position": "static",
      "style": Object {
        "background": "rgba(10,191,82,1) linear-gradient(45deg, rgba(10,191,82,1) 0%, rgba(106,208,155,1) 100%)",
        "left": 0,
        "position": "fixed",
        "top": 0,
        "width": "100%",
      },
    },
    "ref": null,
    "rendered": Object {
      "instance": null,
      "key": undefined,
      "nodeType": "class",
      "props": Object {
        "children": Array [
          <WithStyles(IconButton)
            aria-label="Menu"
            color="inherit"
>
            <pure(Menu) />
</WithStyles(IconButton)>,
          <WithStyles(Typography)
            color="inherit"
            variant="title"
>
            GoOut Adyen
</WithStyles(Typography)>,
        ],
        "variant": "dense",
      },
      "ref": null,
      "rendered": Array [
        Object {
          "instance": null,
          "key": undefined,
          "nodeType": "class",
          "props": Object {
            "aria-label": "Menu",
            "children": <pure(Menu) />,
            "color": "inherit",
          },
          "ref": null,
          "rendered": Object {
            "instance": null,
            "key": undefined,
            "nodeType": "class",
            "props": Object {},
            "ref": null,
            "rendered": null,
            "type": [Function],
          },
          "type": [Function],
        },
        Object {
          "instance": null,
          "key": undefined,
          "nodeType": "class",
          "props": Object {
            "children": "GoOut Adyen",
            "color": "inherit",
            "variant": "title",
          },
          "ref": null,
          "rendered": "GoOut Adyen",
          "type": [Function],
        },
      ],
      "type": [Function],
    },
    "type": [Function],
  },
  Symbol(enzyme.__nodes__): Array [
    Object {
      "instance": null,
      "key": undefined,
      "nodeType": "class",
      "props": Object {
        "children": <WithStyles(Toolbar)
          variant="dense"
>
          <WithStyles(IconButton)
                    aria-label="Menu"
                    color="inherit"
          >
                    <pure(Menu) />
          </WithStyles(IconButton)>
          <WithStyles(Typography)
                    color="inherit"
                    variant="title"
          >
                    GoOut Adyen
          </WithStyles(Typography)>
</WithStyles(Toolbar)>,
        "position": "static",
        "style": Object {
          "background": "rgba(10,191,82,1) linear-gradient(45deg, rgba(10,191,82,1) 0%, rgba(106,208,155,1) 100%)",
          "left": 0,
          "position": "fixed",
          "top": 0,
          "width": "100%",
        },
      },
      "ref": null,
      "rendered": Object {
        "instance": null,
        "key": undefined,
        "nodeType": "class",
        "props": Object {
          "children": Array [
            <WithStyles(IconButton)
              aria-label="Menu"
              color="inherit"
>
              <pure(Menu) />
</WithStyles(IconButton)>,
            <WithStyles(Typography)
              color="inherit"
              variant="title"
>
              GoOut Adyen
</WithStyles(Typography)>,
          ],
          "variant": "dense",
        },
        "ref": null,
        "rendered": Array [
          Object {
            "instance": null,
            "key": undefined,
            "nodeType": "class",
            "props": Object {
              "aria-label": "Menu",
              "children": <pure(Menu) />,
              "color": "inherit",
            },
            "ref": null,
            "rendered": Object {
              "instance": null,
              "key": undefined,
              "nodeType": "class",
              "props": Object {},
              "ref": null,
              "rendered": null,
              "type": [Function],
            },
            "type": [Function],
          },
          Object {
            "instance": null,
            "key": undefined,
            "nodeType": "class",
            "props": Object {
              "children": "GoOut Adyen",
              "color": "inherit",
              "variant": "title",
            },
            "ref": null,
            "rendered": "GoOut Adyen",
            "type": [Function],
          },
        ],
        "type": [Function],
      },
      "type": [Function],
    },
  ],
  Symbol(enzyme.__options__): Object {
    "adapter": ReactSixteenAdapter {
      "options": Object {
        "enableComponentDidUpdateOnSetState": true,
      },
    },
  },
}
`;
